Wed Sep 23 12:49:05 2026       
+---------------------------------------------------------------------------------------+
| NVIDIA-SMI 545.23.06              Driver Version: 545.23.06    CUDA Version: 12.3     |
|-----------------------------------------+----------------------+----------------------+
| GPU  Name                 Persistence-M | Bus-Id        Disp.A | Volatile Uncorr. ECC |
| Fan  Temp   Perf          Pwr:Usage/Cap |         Memory-Usage | GPU-Util  Compute M. |
|                                         |                      |               MIG M. |
|=========================================+======================+======================|
|   0  NVIDIA A800-SXM4-80GB          On  | 00000000:D3:00.0 Off |                    0 |
| N/A   35C    P0              63W / 500W |      2MiB / 81920MiB |      0%      Default |
|                                         |                      |             Disabled |
+-----------------------------------------+----------------------+----------------------+
                                                                                         
+---------------------------------------------------------------------------------------+
| Processes:                                                                            |
|  GPU   GI   CI        PID   Type   Process name                            GPU Memory |
|        ID   ID                                                             Usage      |
|=======================================================================================|
|  No running processes found                                                           |
+---------------------------------------------------------------------------------------+
2.4.0+cu121 NVIDIA A800-SXM4-80GB
.............................................................            [100%]
61 passed in 11.65s
